Bug Hunter
42 21
default.table
Dave Lawrence
OBJECTIVE
type ELIMINATE_CLASS
class BADDIE
nextmap home.map  
BASE
..........................................
..........................................
..........................................
..........................................
..........................................
..........................................
..........................................
..........................................
..........................................
..........................................
..........................................
..........................................
..........................................
..........................................
..........................................
..........................................
..........................................
..........................................
..........................................
..........................................
..........................................
OBJECT
------------------------------------------
-                                        -
-                                        -
-                                        -
-                                        -
-                                        -
-                                        -
-                                        -
-                                        -
-                                        -
-                                        -
-                                        -
-                                        -
-                                        -
-                                        -
-                                        -
-                                        -
-                                        -
-                                        -
-                                        -
------------------------------------------
TOPLEVEL
------------------------------------------
-                                        -
-                                        -
-                                        -
-                                        -
-                                        -
-                                        -
-                                        -
-                                        -
-                                        -
-                                        -
-                                        -
-                                        -
-                                        -
-                                        -
-                                        -
-                                        -
-                                        -
-                                        -
-                                        -
------------------------------------------
ENTITY
#MAX (2688, 1344)
SPAWN 1800 1000 128 0
CHAINSAW 1750 1000 0 0
EGUN 1850 1000 0 0
CELLS 1800 1000 0 0
CELLS 1800 1000 0 0
CELLS 1800 1000 0 0
CELLS 1800 1000 0 0
CELLS 1800 1000 0 0
CELLS 1800 1000 0 0
CELLS 1800 1000 0 0
CELLS 1800 1000 0 0
CELLS 1800 1000 0 0
BAZOOKA 1800 1000 0 0
ROCKETS 1800 1000 0 0
ROCKETS 1800 1000 0 0
ROCKETS 1800 1000 0 0
ROCKETS 1800 1000 0 0
ROCKETS 1800 1000 0 0
ROCKETS 1800 1000 0 0
ROCKETS 1800 1000 0 0
ROCKETS 1800 1000 0 0
BUG 100 100 128 0
BUG 200 100 128 0
BUG 300 100 128 0
BUG 400 100 128 0
BUG 500 100 128 0
BUG 600 100 128 0
BUG 700 100 128 0
BUG 800 100 128 0
BUG 900 100 128 0
BUG 1000 100 128 0
BUG 1100 100 128 0
BUG 1200 100 128 0
BUG 1300 100 128 0
BUG 1400 100 128 0
BUG 1500 100 128 0
BUG 1600 100 128 0
BUG 1700 100 128 0
BUG 1800 100 128 0
BUG 1900 100 128 0
BUG 2000 100 128 0
BUG 2100 100 128 0
BUG 2200 100 128 0
BUG 2400 100 128 0
BUG 2500 100 128 0
#MIDDLE WAVE
BUG 100 600 192 0
BUG 200 600 192 0
BUG 300 600 192 0
BUG 400 600 192 0
BUG 500 600 192 0
BUG 600 600 192 0
BUG 700 600 192 0
BUG 900 600 192 0
BUG 1000 600 192 0
BUG 1100 600 192 0
BUG 1200 600 192 0
BUG 1300 600 192 0
BUG 1400 600 192 0
BUG 1500 600 192 0
BUG 1600 600 192 0
BUG 1700 600 192 0
BUG 1800 600 192 0
BUG 1900 600 192 0
BUG 2000 600 192 0
BUG 2100 600 192 0
BUG 2200 600 192 0
BUG 2400 600 192 0
BUG 2500 600 192 0
#LOWER WAVE
BUG 100 1200 0 0
BUG 200 1200 0 0
BUG 300 1200 0 0
BUG 400 1200 0 0
BUG 500 1200 0 0
BUG 900 1200 0 0
BUG 1000 1200 0 0
BUG 1100 1200 0 0
BUG 1200 1200 0 0
BUG 1300 1200 0 0
BUG 1400 1200 0 0
BUG 1500 1200 0 0
BUG 1600 1200 0 0
BUG 1700 1200 0 0
BUG 1800 1200 0 0
BUG 1900 1200 0 0
BUG 2000 1200 0 0
BUG 2100 1200 0 0
BUG 2200 1200 0 0
BUG 2400 1200 0 0
BUG 2500 1200 0 0
#Left Wave
BUG 100 100 0 0
BUG 100 200 0 0
BUG 100 300 0 0
BUG 100 400 0 0
BUG 100 500 0 0
BUG 100 600 0 0
BUG 100 700 0 0
BUG 100 800 0 0
BUG 100 900 0 0
BUG 100 1000 0 0
BUG 100 1100 0 0
BUG 100 1200 0 0
#Right Wave
BUG 2500 100 0 0
BUG 2500 200 0 0
BUG 2500 300 0 0
BUG 2500 400 0 0
BUG 2500 500 0 0
BUG 2500 600 0 0
BUG 2500 700 0 0
BUG 2500 800 0 0
BUG 2500 900 0 0
BUG 2500 1000 0 0
BUG 2500 1100 0 0
BUG 2500 1200 0 0
