# David Lawrence
# 1st level with monsters in it in single player, so it's pretty easy.
Unfinished Sympathy
32 32
street.table
Dave Lawrence
BASE
----D--------------------D------
SSSSSSSSSSSSSSSSSSSSSSSSSSSSSSS}
````````````````````````````````
````````````````````````````````
````````````````````````````````
NNNNN>c<NNNNNNNNNNNN>```<NNNNNN>
HHHHHHc#####cc######E```W#######
ddddddc#####cc######E```W#######
ddddddc#####cc(####)E```W#######
ddddddc#####ccc####cE```W#######
HHHHHHc#####ccc####cE```W#######
ddddddc#####cc######E```W#######
ddddddc#####cc######E```W#######
ddddddc(---)cc(----)E```W(######
ddddddccccccccccccccE```Wc######
ddddddccccccccccccccE```Wc######
ddddddd########c####E```W#######
ddddddd########c####E```W#######
ddddddd########c####E```W/------
ddddddd########c####E```WV......
###dddd(------)c(--)E```W.......
###`````````````````E```W.......
###`````````````````E```W|......
###`````````````````E```W|......
###`````````````````E```W|......
###````E```W````````E```W|......
(-)````E```W````````E```W|......
SSSSSSS}```{SSSSSSSS}```WV......
````````````````````````W.......
````````````````````````W|......
````````````````````````W|......
-------------------------U------
OBJECT
--+----P--+---+--P---------P----
bt     !         !         !    
b                               
b d        d              d     
b                               
b                               
------ -----  ------!   !-------
t   r  -----  ------     -+---+-
 r     -----  S----S     -------
       -----   ----      ---+---
------ -----   ----      -------
r p    -----  ------     -------
       -----  ------!   !-+---+-
  r    SSSSS  SSSSSS     S------
 r                        ------
o                         ------
   r   -------- ----     -------
       -------- ----!   !---+---
       -------- ----     SSSSSSS
 r     -------- ----     -      
---   !SSSSSSSS SSSS            
--- | | | | | | | |             
--- | | | | | | | | !    -      
---                      -      
---                      -      
---  |        | | |      -      
SSSt |        | | |      -      
      !    !      !      -      
                                
 = = = = = = = = = =     -      
                         -      
--------------------------------
TOPLEVEL
--------------------------------
                                
                                
                                
                                
^^^^^^ NNNNN  NNNNNNP   7NNNNNNN
------ -----  ------     -------
       -----  ------     -------
       -----  ------     -------
^^^^^^ -----   ----      -------
------ -----  N----N     -------
       -----  ------P   7-------
       -----  ------     -------
       -----  ------     -------
                          ------
       NNNNNNNN NNNN     N------
       --------%----P   7-------
       --------%----     -------
       --------%----     -------
NNN   7--------%----     -      
---    -------- ----            
---                 7    _      
---                      -      
---                      -      
---                      -      
---                      -      
---   P    7      7      -      
                         -      
                         _      
                         -      
                         -      
--------------------------------
EVENT
--------------------------------
W                           M   
W                           M   
W                           M   
W                           M   
W                           M   
------ -----  ------     -------
       -----  ------     -------
       -----  ------     -------
       -----   ----      -------
------ -----   ----      -------
       -----  ------     -------
       -----  -------   --------
       -----  ------     -------
                          ------
                          ------
       -------- ----     -------
       -------- -----   --------
       -------- ----     -------
       -------- ----     -      
---   --------- ----            
---                              
---                 -    -      
---                      -      
---                      -      
---                      -      
---                      -      
---   -    -      -      -      
X                                
X                        -      
X                        -      
--------------------------------
EVENTMETA
endlevel X y y n y street_spirit.map
$message W y n y y I can't get through this way.
$message M y n y y We can get to the office from the roof of another skyscraper across town.
ENTITY
#Spawns
$SPAWN 1984 192 192 200
%SPAWN 64 192 64 200
%SPAWN 0 1200 32 0
%SPAWN 1664 1220 96 0
%SPAWN 1984 318 224 0
%SPAWN 64 1856 64 200
#Weapons
%CHAINGUN 192 1600 0 0
%BULLETS 1664 1920 0 0
%BULLETS 1728 1920 0 0
%BULLETS 128 430 0 0
%SHOTGUN 64 196 0 0
%SHOTGUN 1856 1544 0 0
%SHELLS 76 785 0 0
SHELLS 1612 880 0 0
%BAZOOKA 1792 64 0 0
%EGUN 768 896 0 0
%CELLS 832 880 0 0
%RAILGUN 1216 1544 0 0
#Health
%CAN 1172 50 0 0
%CAN 204 434 0 0
%CAN 140 1778 0 0
%CAN 1996 1206 0 0
#powerups
%RANDOM_POWERUP 1288 1736 0 0

#Monsters
MSCP 128 128 64 20
MSCP 128 192 64 20
MSCP 128 256 64 20
MSCP 1408 128 64 20
MSCP 1408 256 64 20
MSCP 1344 640 128 20
MSCP 1472 640 128 20

MSCP 256 1408 64 0
MSCP 576 1600 64 0
MSCP 1024 1344 64 0
MSCP 320 1920 128 0
MSCP 640 1920 192 0
